\BOOKMARK [1][-]{section*.1}{\376\377\000C\000z\000o\001\102\000g\000\040\000p\000o\000d\000s\000t\000a\000w\000o\000w\000y\000\040\000T\000-\0007\0002}{}% 1
\BOOKMARK [1][-]{section*.7}{\376\377\000C\000z\000o\001\102\000g\000\040\000p\000o\000d\000s\000t\000a\000w\000o\000w\000y\000\040\000T\000-\0008\0000}{}% 2
\BOOKMARK [1][-]{section*.13}{\376\377\000C\000z\000o\001\102\000g\000\040\000p\000o\000d\000s\000t\000a\000w\000o\000w\000y\000\040\000T\000-\0009\0000}{}% 3
\BOOKMARK [1][-]{section*.19}{\376\377\000B\000o\000j\000o\000w\000y\000\040\000W\000\363\000z\000\040\000P\000i\000e\000c\000h\000o\000t\000y\000\040\000B\000M\000P\000-\0001}{}% 4
\BOOKMARK [1][-]{section*.25}{\376\377\000B\000o\000j\000o\000w\000y\000\040\000W\000\363\000z\000\040\000P\000i\000e\000c\000h\000o\000t\000y\000\040\000B\000M\000P\000-\0002}{}% 5
\BOOKMARK [1][-]{section*.31}{\376\377\000B\000o\000j\000o\000w\000y\000\040\000W\000\363\000z\000\040\000P\000i\000e\000c\000h\000o\000t\000y\000\040\000B\000M\000P\000-\0003}{}% 6
\BOOKMARK [1][-]{section*.37}{\376\377\000T\000r\000a\000n\000s\000p\000o\000r\000t\000e\000r\000\040\000O\000p\000a\000n\000c\000e\000r\000z\000o\000n\000y\000\040\000B\000T\000R\000-\0008\0000}{}% 7
\BOOKMARK [1][-]{section*.43}{\376\377\000T\000r\000a\000n\000s\000p\000o\000r\000t\000e\000r\000\040\000O\000p\000a\000n\000c\000e\000r\000z\000o\000n\000y\000\040\000B\000T\000R\000-\0009\0000}{}% 8
\BOOKMARK [1][-]{section*.49}{\376\377\000R\000o\000s\000y\000j\000s\000k\000i\000e\000\040\000p\000o\000j\000a\000z\000d\000y\000\040\000M\000R\000A\000P\000\040\000/\000\040\000G\000A\000Z\000\040\000T\000i\000g\000r}{}% 9
\BOOKMARK [1][-]{section*.55}{\376\377\000H\000a\000u\000b\000i\000c\000a\000\040\000s\000a\000m\000o\000b\000i\000e\001\174\000n\000a\000\040\0002\000S\0001\000\040\000G\000o\001\172\000d\000z\000i\000k}{}% 10
\BOOKMARK [1][-]{section*.61}{\376\377\000H\000a\000u\000b\000i\000c\000a\000\040\000s\000a\000m\000o\000b\000i\000e\001\174\000n\000a\000\040\0002\000S\0003\000\040\000A\000k\000a\000c\000j\000a}{}% 11
\BOOKMARK [1][-]{section*.67}{\376\377\000A\000r\000m\000a\000t\000a\000\040\000s\000a\000m\000o\000b\000i\000e\001\174\000n\000a\000\040\0002\000S\0005\000\040\000H\000i\000a\000c\000y\000n\000t\000-\000S}{}% 12
\BOOKMARK [1][-]{section*.73}{\376\377\000M\000o\001\172\000d\000z\000i\000e\000r\000z\000\040\000s\000a\000m\000o\000b\000i\000e\001\174\000n\000y\000\040\0002\000S\0009\000\040\000N\000o\000n\000a\000-\000S}{}% 13
\BOOKMARK [1][-]{section*.79}{\376\377\000M\000o\001\172\000d\000z\000i\000e\000r\000z\000\040\000s\000a\000m\000o\000b\000i\000e\001\174\000n\000y\000\040\0002\000S\0002\0003\000\040\000N\000o\000n\000a\000-\000S\000V\000K}{}% 14
\BOOKMARK [1][-]{section*.85}{\376\377\000M\000o\001\172\000d\000z\000i\000e\000r\000z\000\040\000s\000a\000m\000o\000b\000i\000e\001\174\000n\000y\000\040\0002\000S\0004\000\040\000T\000u\000l\000i\000p\000a\000n}{}% 15
\BOOKMARK [1][-]{section*.91}{\376\377\000M\000o\001\172\000d\000z\000i\000e\000r\000z\000\040\000s\000a\000m\000o\000b\000i\000e\001\174\000n\000y\000\040\0002\000S\0004\0000\000\040\000F\000l\000o\000k\000s}{}% 16
\BOOKMARK [1][-]{section*.97}{\376\377\000H\000a\000u\000b\000i\000c\000a\000\040\000h\000o\000l\000o\000w\000a\000n\000a\000\040\000D\000-\0003\0000\000\040\000\050\0002\000A\0001\0008\000\051}{}% 17
\BOOKMARK [1][-]{section*.103}{\376\377\000H\000a\000u\000b\000i\000c\000a\000\040\000p\000o\000l\000o\000w\000a\000\040\000M\000-\0003\0000}{}% 18
\BOOKMARK [1][-]{section*.109}{\376\377\000A\000r\000m\000a\000t\000a\000\040\000p\000o\000l\000o\000w\000a\000\040\000M\000-\0004\0006}{}% 19
\BOOKMARK [1][-]{section*.115}{\376\377\000H\000a\000u\000b\000i\000c\000a\000\040\000D\000-\0001}{}% 20
\BOOKMARK [1][-]{section*.121}{\376\377\000H\000a\000u\000b\000i\000c\000a\000-\000a\000r\000m\000a\000t\000a\000\040\000D\000-\0002\0000}{}% 21
\BOOKMARK [1][-]{section*.127}{\376\377\000H\000a\000u\000b\000i\000c\000a\000\040\0002\000A\0006\0005\000\040\000M\000s\000t\000a\000-\000B}{}% 22
\BOOKMARK [1][-]{section*.133}{\376\377\000A\000r\000m\000a\000t\000a\000\040\0002\000A\0003\0006\000\040\000G\000i\000a\000c\000y\000n\000t\000-\000B}{}% 23
\BOOKMARK [1][-]{section*.139}{\376\377\000A\000r\000m\000a\000t\000a\000\040\000p\000r\000z\000e\000c\000i\000w\000p\000a\000n\000c\000e\000r\000n\000a\000\040\000M\000T\000-\0001\0002\000\040\000R\000a\000p\000i\000r\000a}{}% 24
\BOOKMARK [1][-]{section*.145}{\376\377\000A\000u\000t\000o\000m\000a\000t\000y\000c\000z\000n\000y\000\040\000m\000o\001\172\000d\000z\000i\000e\000r\000z\000\040\0002\000B\0009\000\040\000W\000a\000s\000i\000l\000e\000k}{}% 25
\BOOKMARK [1][-]{section*.151}{\376\377\000M\000o\001\172\000d\000z\000i\000e\000r\000z\000\040\0002\000B\0001\0004\000\040\000P\000o\000d\000n\000o\000s}{}% 26
\BOOKMARK [1][-]{section*.157}{\376\377\000C\000i\001\031\001\174\000k\000i\000\040\000m\000o\001\172\000d\000z\000i\000e\000r\000z\000\040\0002\000S\0001\0002\000\040\000S\000a\000n\000i}{}% 27
\BOOKMARK [1][-]{section*.163}{\376\377\000S\000y\000s\000t\000e\000m\000\040\000r\000a\000k\000i\000e\000t\000o\000w\000y\000\040\000d\000a\000l\000e\000k\000i\000e\000g\000o\000\040\000z\000a\000s\000i\001\031\000g\000u\000\040\000S\000-\0003\0000\0000}{}% 28
\BOOKMARK [1][-]{section*.169}{\376\377\000S\000y\000s\000t\000e\000m\000\040\000r\000a\000k\000i\000e\000t\000o\000w\000y\000\040\000d\000a\000l\000e\000k\000i\000e\000g\000o\000\040\000z\000a\000s\000i\001\031\000g\000u\000\040\000S\000-\0004\0000\0000\000\040\000T\000r\000i\000u\000m\000f}{}% 29
\BOOKMARK [1][-]{section*.175}{\376\377\000S\000y\000s\000t\000e\000m\000\040\000r\000a\000k\000i\000e\000t\000o\000w\000y\000\040\000k\000r\000\363\000t\000k\000i\000e\000g\000o\000\040\000z\000a\000s\000i\001\031\000g\000u\000\040\000T\000o\000r}{}% 30
\BOOKMARK [1][-]{section*.181}{\376\377\000A\000r\000t\000y\000l\000e\000r\000y\000j\000s\000k\000o\000-\000r\000a\000k\000i\000e\000t\000o\000w\000y\000\040\000s\000y\000s\000t\000e\000m\000\040\000p\000-\000l\000o\000t\000\040\000P\000a\000n\000c\000e\000r\000z\000-\000S\0001}{}% 31
\BOOKMARK [1][-]{section*.187}{\376\377\000P\000r\000z\000e\000n\000o\001\133\000n\000y\000\040\000s\000y\000s\000t\000e\000m\000\040\000r\000a\000k\000i\000e\000t\000o\000w\000y\000\040\0009\000K\0003\0004\000\040\000S\000t\000r\000i\000e\001\102\000a\000-\0003\000\040\000\050\000M\000A\000N\000P\000A\000D\000S\000\051}{}% 32
\BOOKMARK [1][-]{section*.193}{\376\377\000P\000r\000z\000e\000n\000o\001\133\000n\000y\000\040\000s\000y\000s\000t\000e\000m\000\040\000r\000a\000k\000i\000e\000t\000o\000w\000y\000\040\0009\000K\0003\0008\000\040\000I\000g\001\102\000a\000\040\000\050\000M\000A\000N\000P\000A\000D\000S\000\051}{}% 33
\BOOKMARK [1][-]{section*.199}{\376\377\000P\000r\000z\000e\000n\000o\001\133\000n\000y\000\040\000s\000y\000s\000t\000e\000m\000\040\000r\000a\000k\000i\000e\000t\000o\000w\000y\000\040\0009\000K\0003\0003\0003\000\040\000W\000i\000e\000r\000b\000a\000\040\000\050\000M\000A\000N\000P\000A\000D\000S\000\051}{}% 34
\BOOKMARK [1][-]{section*.205}{\376\377\000P\000r\000z\000e\000c\000i\000w\000p\000a\000n\000c\000e\000r\000n\000y\000\040\000p\000o\000c\000i\000s\000k\000\040\000k\000i\000e\000r\000o\000w\000a\000n\000y\000\040\0009\000K\0001\0001\0001\000\040\000F\000a\000g\000o\000t}{}% 35
\BOOKMARK [1][-]{section*.211}{\376\377\000P\000r\000z\000e\000c\000i\000w\000p\000a\000n\000c\000e\000r\000n\000y\000\040\000p\000o\000c\000i\000s\000k\000\040\000k\000i\000e\000r\000o\000w\000a\000n\000y\000\040\0009\000M\0001\0001\0003\000\040\000K\000o\000n\000k\000u\000r\000s}{}% 36
\BOOKMARK [1][-]{section*.217}{\376\377\000L\000e\000k\000k\000i\000\040\000p\000p\000k\000\040\0009\000K\0001\0001\0005\000\040\000M\000e\000t\000i\000s}{}% 37
\BOOKMARK [1][-]{section*.223}{\376\377\000L\000e\000k\000k\000i\000\040\000p\000p\000k\000\040\0009\000K\0001\0001\0005\000-\0002\000\040\000M\000e\000t\000i\000s\000-\000M}{}% 38
\BOOKMARK [1][-]{section*.229}{\376\377\000P\000r\000z\000e\000c\000i\000w\000p\000a\000n\000c\000e\000r\000n\000y\000\040\000p\000o\000c\000i\000s\000k\000\040\000k\000i\000e\000r\000o\000w\000a\000n\000y\000\040\0009\000M\0001\0003\0003\000\040\000K\000o\000r\000n\000e\000t}{}% 39
\BOOKMARK [1][-]{section*.235}{\376\377\000M\000i\000-\0002\0004\000\040\000H\000i\000n\000d}{}% 40
\BOOKMARK [1][-]{section*.241}{\376\377\000M\000i\000-\0002\0008\000\040\000H\000a\000v\000o\000c}{}% 41
\BOOKMARK [1][-]{section*.247}{\376\377\000K\000a\000-\0005\0002\000\040\000A\000l\000i\000g\000a\000t\000o\000r}{}% 42
\BOOKMARK [1][-]{section*.253}{\376\377\000S\000u\000-\0002\0005\000\040\000G\000r\000a\000c\000z}{}% 43
\BOOKMARK [1][-]{section*.259}{\376\377\000S\000u\000-\0002\0007\000\040\000F\000l\000a\000n\000k\000e\000r}{}% 44
\BOOKMARK [1][-]{section*.265}{\376\377\000K\000a\000r\000a\000b\000i\000n\000\040\000s\000z\000t\000u\000r\000m\000o\000w\000y\000\040\000A\000K\000-\0007\0004}{}% 45
\BOOKMARK [1][-]{section*.271}{\376\377\000S\000k\000r\000\363\000c\000o\000n\000y\000\040\000k\000a\000r\000a\000b\000i\000n\000\040\000s\000z\000t\000u\000r\000m\000o\000w\000y\000\040\000A\000K\000S\000-\0007\0004\000U}{}% 46
\BOOKMARK [1][-]{section*.277}{\376\377\000K\000a\000r\000a\000b\000i\000n\000\040\000s\000z\000t\000u\000r\000m\000o\000w\000y\000\040\000A\000K\000M}{}% 47
\BOOKMARK [1][-]{section*.283}{\376\377\000K\000a\000r\000a\000b\000i\000n\000\040\000s\000z\000t\000u\000r\000m\000o\000w\000y\000\040\000A\000K\000-\0001\0002}{}% 48
\BOOKMARK [1][-]{section*.289}{\376\377\000K\000a\000r\000a\000b\000i\000n\000\040\000s\000z\000t\000u\000r\000m\000o\000w\000y\000\040\000A\000K\000-\0001\0000\0003}{}% 49
\BOOKMARK [1][-]{section*.295}{\376\377\000K\000a\000r\000a\000b\000i\000n\000\040\000s\000z\000t\000u\000r\000m\000o\000w\000y\000\040\000A\000K\000-\0001\0005}{}% 50
\BOOKMARK [1][-]{section*.301}{\376\377\000K\000a\000r\000a\000b\000i\000n\000\040\000s\000z\000t\000u\000r\000m\000o\000w\000y\000\040\000A\000N\000-\0009\0004\000\040\000A\000b\000a\000k\000a\000n}{}% 51
\BOOKMARK [1][-]{section*.307}{\376\377\000K\000a\000r\000a\000b\000i\000n\000\040\000s\000z\000t\000u\000r\000m\000o\000w\000y\000\040\000A\000E\000K\000-\0009\0007\0001}{}% 52
\BOOKMARK [1][-]{section*.313}{\376\377\000K\000a\000r\000a\000b\000i\000n\000\040\000s\000z\000t\000u\000r\000m\000o\000w\000y\000\040\000S\000R\000-\0003\000\040\000W\000i\000h\000r}{}% 53
\BOOKMARK [1][-]{section*.319}{\376\377\000K\000a\000r\000a\000b\000i\000n\000\040\000s\000z\000t\000u\000r\000m\000o\000w\000y\000\040\000A\000S\000\040\000V\000a\000l}{}% 54
\BOOKMARK [1][-]{section*.325}{\376\377\000R\001\031\000c\000z\000n\000y\000\040\000k\000a\000r\000a\000b\000i\000n\000\040\000m\000a\000s\000z\000y\000n\000o\000w\000y\000\040\000R\000P\000K}{}% 55
\BOOKMARK [1][-]{section*.331}{\376\377\000R\001\031\000c\000z\000n\000y\000\040\000k\000a\000r\000a\000b\000i\000n\000\040\000m\000a\000s\000z\000y\000n\000o\000w\000y\000\040\000R\000P\000L\000-\0002\0000}{}% 56
\BOOKMARK [1][-]{section*.337}{\376\377\000K\000a\000r\000a\000b\000i\000n\000\040\000m\000a\000s\000z\000y\000n\000o\000w\000y\000\040\000P\000K\000\040\000/\000\040\000P\000K\000M}{}% 57
\BOOKMARK [1][-]{section*.343}{\376\377\000K\000a\000r\000a\000b\000i\000n\000\040\000m\000a\000s\000z\000y\000n\000o\000w\000y\000\040\000P\000K\000P\000\040\000P\000i\000e\000c\000z\000e\000n\000i\000e\000g}{}% 58
\BOOKMARK [1][-]{section*.349}{\376\377\000C\000i\001\031\001\174\000k\000i\000\040\000k\000a\000r\000a\000b\000i\000n\000\040\000m\000a\000s\000z\000y\000n\000o\000w\000y\000\040\000D\000s\000z\000k\000K}{}% 59
\BOOKMARK [1][-]{section*.355}{\376\377\000C\000i\001\031\001\174\000k\000i\000\040\000k\000a\000r\000a\000b\000i\000n\000\040\000m\000a\000s\000z\000y\000n\000o\000w\000y\000\040\000N\000S\000W}{}% 60
\BOOKMARK [1][-]{section*.361}{\376\377\000C\000i\001\031\001\174\000k\000i\000\040\000k\000a\000r\000a\000b\000i\000n\000\040\000m\000a\000s\000z\000y\000n\000o\000w\000y\000\040\000K\000o\000r\000d}{}% 61
\BOOKMARK [1][-]{section*.367}{\376\377\000K\000a\000r\000a\000b\000i\000n\000\040\000s\000n\000a\000j\000p\000e\000r\000s\000k\000i\000\040\000V\000S\000S\000\040\000W\000i\000n\000t\000o\000r\000e\000z}{}% 62
\BOOKMARK [1][-]{section*.373}{\376\377\000K\000a\000r\000a\000b\000i\000n\000\040\000s\000n\000a\000j\000p\000e\000r\000s\000k\000i\000\040\000S\000V\000D\000\040\000D\000r\000a\000g\000u\000n\000o\000w}{}% 63
\BOOKMARK [1][-]{section*.379}{\376\377\000K\000a\000r\000a\000b\000i\000n\000\040\000s\000n\000a\000j\000p\000e\000r\000s\000k\000i\000\040\000S\000V\000-\0009\0008}{}% 64
\BOOKMARK [1][-]{section*.385}{\376\377\000K\000a\000r\000a\000b\000i\000n\000\040\000s\000n\000a\000j\000p\000e\000r\000s\000k\000i\000\040\000O\000r\000s\000i\000s\000\040\000T\000-\0005\0000\0000\0000}{}% 65
\BOOKMARK [1][-]{section*.391}{\376\377\000K\000a\000r\000a\000b\000i\000n\000\040\000s\000n\000a\000j\000p\000e\000r\000s\000k\000i\000\040\000K\000S\000V\000K\000\040\0001\0002\000,\0007}{}% 66
\BOOKMARK [1][-]{section*.397}{\376\377\000K\000a\000r\000a\000b\000i\000n\000\040\000s\000n\000a\000j\000p\000e\000r\000s\000k\000i\000\040\000O\000S\000V\000-\0009\0006}{}% 67
\BOOKMARK [1][-]{section*.403}{\376\377\000K\000a\000r\000a\000b\000i\000n\000\040\000s\000n\000a\000j\000p\000e\000r\000s\000k\000i\000\040\000L\000o\000b\000a\000e\000v\000\040\000S\000V\000L\000K\000-\0001\0004\000S\000\040\000S\000u\000m\000r\000a\000k}{}% 68
\BOOKMARK [1][-]{section*.409}{\376\377\000G\000r\000a\000n\000a\000t\000n\000i\000k\000\040\000p\000r\000z\000e\000c\000i\000w\000p\000a\000n\000c\000e\000r\000n\000y\000\040\000R\000P\000G\000-\0007}{}% 69
\BOOKMARK [1][-]{section*.415}{\376\377\000J\000e\000d\000n\000o\000r\000a\000z\000o\000w\000y\000\040\000g\000r\000a\000n\000a\000t\000n\000i\000k\000\040\000R\000P\000G\000-\0001\0008\000\040\000M\000u\000c\000h\000a}{}% 70
\BOOKMARK [1][-]{section*.421}{\376\377\000J\000e\000d\000n\000o\000r\000a\000z\000o\000w\000y\000\040\000g\000r\000a\000n\000a\000t\000n\000i\000k\000\040\000R\000P\000G\000-\0002\0002\000\040\000N\000e\000t\000t\000o}{}% 71
\BOOKMARK [1][-]{section*.427}{\376\377\000J\000e\000d\000n\000o\000r\000a\000z\000o\000w\000y\000\040\000g\000r\000a\000n\000a\000t\000n\000i\000k\000\040\000R\000P\000G\000-\0002\0006\000\040\000A\000g\000l\000e\001\104}{}% 72
\BOOKMARK [1][-]{section*.433}{\376\377\000J\000e\000d\000n\000o\000r\000a\000z\000o\000w\000y\000\040\000g\000r\000a\000n\000a\000t\000n\000i\000k\000\040\000R\000P\000G\000-\0002\0007\000\040\000T\000a\000v\000o\000l\000g\000a}{}% 73
\BOOKMARK [1][-]{section*.439}{\376\377\000G\000r\000a\000n\000a\000t\000n\000i\000k\000\040\000p\000r\000z\000e\000c\000i\000w\000p\000a\000n\000c\000e\000r\000n\000y\000\040\000R\000P\000G\000-\0002\0009\000\040\000W\000a\000m\000p\000i\000r}{}% 74
\BOOKMARK [1][-]{section*.445}{\376\377\000G\000r\000a\000n\000a\000t\000n\000i\000k\000\040\000p\000r\000z\000e\000c\000i\000w\000p\000a\000n\000c\000e\000r\000n\000y\000\040\000R\000P\000G\000-\0003\0000\000\040\000K\000r\000y\000u\000k}{}% 75
\BOOKMARK [1][-]{section*.451}{\376\377\000G\000r\000a\000n\000a\000t\000n\000i\000k\000\040\000w\000i\000e\000l\000o\000k\000r\000o\000t\000n\000e\000g\000o\000\040\000u\001\174\000y\000t\000k\000u\000\040\000R\000P\000G\000-\0003\0002\000\040\000H\000a\000s\000h\000i\000m}{}% 76
\BOOKMARK [1][-]{section*.457}{\376\377\000J\000e\000d\000n\000o\000r\000a\000z\000o\000w\000y\000\040\000g\000r\000a\000n\000a\000t\000n\000i\000k\000\040\000t\000e\000r\000m\000o\000b\000a\000r\000y\000c\000z\000n\000y\000\040\000R\000S\000h\000G\000-\0001}{}% 77
\BOOKMARK [1][-]{section*.463}{\376\377\000W\000y\000r\000z\000u\000t\000n\000i\000a\000\040\000t\000e\000r\000m\000o\000b\000a\000r\000y\000c\000z\000n\000a\000\040\000R\000P\000O\000-\000A\000\040\000S\000z\000m\000i\000e\000l}{}% 78
\BOOKMARK [1][-]{section*.469}{\376\377\000J\000e\000d\000n\000o\000r\000a\000z\000o\000w\000y\000\040\000g\000r\000a\000n\000a\000t\000n\000i\000k\000\040\000M\000R\000O\000-\000A\000\040\000B\000u\000r}{}% 79
\BOOKMARK [1][-]{section*.475}{\376\377\000N\000a\000s\000a\000d\000k\000o\000w\000y\000\040\000g\000r\000a\000n\000a\000t\000n\000i\000k\000\040\000G\000P\000-\0002\0005\000\040\000K\000o\000s\000t\000i\000o\000r}{}% 80
\BOOKMARK [1][-]{section*.481}{\376\377\000N\000a\000s\000a\000d\000k\000o\000w\000y\000\040\000g\000r\000a\000n\000a\000t\000n\000i\000k\000\040\000G\000P\000-\0003\0000\000\040\000O\000b\000u\000w\000k\000a}{}% 81
\BOOKMARK [1][-]{section*.487}{\376\377\000N\000a\000s\000a\000d\000k\000o\000w\000y\000\040\000g\000r\000a\000n\000a\000t\000n\000i\000k\000\040\000G\000P\000-\0003\0004}{}% 82
\BOOKMARK [1][-]{section*.493}{\376\377\000A\000u\000t\000o\000m\000a\000t\000y\000c\000z\000n\000y\000\040\000g\000r\000a\000n\000a\000t\000n\000i\000k\000\040\000A\000G\000S\000-\0001\0007\000\040\000P\001\102\000a\000m\000i\000a}{}% 83
\BOOKMARK [1][-]{section*.499}{\376\377\000A\000u\000t\000o\000m\000a\000t\000y\000c\000z\000n\000y\000\040\000g\000r\000a\000n\000a\000t\000n\000i\000k\000\040\000A\000G\000S\000-\0003\0000}{}% 84
\BOOKMARK [1][-]{section*.505}{\376\377\000A\000u\000t\000o\000m\000a\000t\000y\000c\000z\000n\000y\000\040\000g\000r\000a\000n\000a\000t\000n\000i\000k\000\040\000A\000G\000S\000-\0004\0000\000\040\000B\000a\001\102\000k\000a\000n}{}% 85
\BOOKMARK [1][-]{section*.511}{\376\377\000R\000e\000w\000o\000l\000w\000e\000r\000o\000w\000y\000\040\000g\000r\000a\000n\000a\000t\000n\000i\000k\000\040\000G\000M\000-\0009\0004}{}% 86
\BOOKMARK [1][-]{section*.517}{\376\377\000P\000i\000s\000t\000o\000l\000e\000t\000\040\000M\000a\000k\000a\000r\000o\000w\000a\000\040\000P\000M}{}% 87
\BOOKMARK [1][-]{section*.523}{\376\377\000P\000i\000s\000t\000o\000l\000e\000t\000\040\000T\000T\000\040\000\050\000T\000u\000l\000s\000k\000i\000\040\000T\000o\000k\000a\000r\000i\000e\000w\000\051}{}% 88
\BOOKMARK [1][-]{section*.529}{\376\377\000P\000i\000s\000t\000o\000l\000e\000t\000\040\000m\000a\000s\000z\000y\000n\000o\000w\000y\000\040\000A\000P\000S\000\040\000\050\000S\000t\000e\000c\000z\000k\000i\000n\000\051}{}% 89
\BOOKMARK [1][-]{section*.535}{\376\377\000P\000i\000s\000t\000o\000l\000e\000t\000\040\000t\001\102\000u\000m\000i\000o\000n\000y\000\040\000P\000B\000\040\000\050\0006\000P\0009\000\051}{}% 90
\BOOKMARK [1][-]{section*.541}{\376\377\000P\000i\000s\000t\000o\000l\000e\000t\000\040\000P\000S\000M}{}% 91
\BOOKMARK [1][-]{section*.547}{\376\377\000P\000i\000s\000t\000o\000l\000e\000t\000\040\000M\000P\000-\0004\0004\0003\000\040\000G\000r\000a\000c\000h}{}% 92
\BOOKMARK [1][-]{section*.553}{\376\377\000P\000i\000s\000t\000o\000l\000e\000t\000\040\000G\000S\000z\000-\0001\0008}{}% 93
\BOOKMARK [1][-]{section*.559}{\376\377\000P\000i\000s\000t\000o\000l\000e\000t\000\040\000S\000R\000-\0001\000\040\000W\000e\000k\000t\000o\000r\000\040\000\050\000S\000P\000S\000\051}{}% 94
\BOOKMARK [1][-]{section*.565}{\376\377\000P\000i\000s\000t\000o\000l\000e\000t\000\040\000m\000a\000s\000z\000y\000n\000o\000w\000y\000\040\000O\000T\000s\000-\0003\0003\000\040\000P\000i\000e\000r\000n\000a\000c\000z}{}% 95
\BOOKMARK [1][-]{section*.571}{\376\377\000P\000i\000s\000t\000o\000l\000e\000t\000\040\000m\000a\000s\000z\000y\000n\000o\000w\000y\000\040\000O\000T\000s\000-\0002\0003\000\040\000D\000r\000o\000t\000i\000k}{}% 96
\BOOKMARK [1][-]{section*.577}{\376\377\000P\000i\000s\000t\000o\000l\000e\000t\000\040\000m\000a\000s\000z\000y\000n\000o\000w\000y\000\040\000P\000P\000-\0009\0001\000\040\000K\000e\000d\000r}{}% 97
\BOOKMARK [1][-]{section*.583}{\376\377\000P\000i\000s\000t\000o\000l\000e\000t\000\040\000m\000a\000s\000z\000y\000n\000o\000w\000y\000\040\000P\000P\000-\0002\0000\0000\0000}{}% 98
\BOOKMARK [1][-]{section*.589}{\376\377\000P\000i\000s\000t\000o\000l\000e\000t\000\040\000P\000L\000-\0001\0004\000\040\000\050\000P\000L\000-\0001\0005\000\051\000\040\000L\000e\000b\000e\000d\000e\000v}{}% 99
\BOOKMARK [1][-]{section*.595}{\376\377\000P\000i\000s\000t\000o\000l\000e\000t\000\040\000p\000o\000d\000w\000o\000d\000n\000y\000\040\000S\000P\000P\000-\0001\000M}{}% 100
\BOOKMARK [1][-]{section*.601}{\376\377\000P\000o\000d\000w\000o\000d\000n\000y\000\040\000k\000a\000r\000a\000b\000i\000n\000e\000k\000\040\000A\000P\000S}{}% 101
\BOOKMARK [1][-]{section*.607}{\376\377\000G\000r\000a\000n\000a\000t\000\040\000r\001\031\000c\000z\000n\000y\000\040\000F\000-\0001}{}% 102
\BOOKMARK [1][-]{section*.613}{\376\377\000G\000r\000a\000n\000a\000t\000\040\000r\001\031\000c\000z\000n\000y\000\040\000R\000G\000D\000-\0005}{}% 103
\BOOKMARK [1][-]{section*.619}{\376\377\000G\000r\000a\000n\000a\000t\000\040\000r\001\031\000c\000z\000n\000y\000\040\000R\000G\000N}{}% 104
\BOOKMARK [1][-]{section*.625}{\376\377\000G\000r\000a\000n\000a\000t\000\040\000r\001\031\000c\000z\000n\000y\000\040\000R\000G\000O}{}% 105
\BOOKMARK [1][-]{section*.631}{\376\377\000G\000r\000a\000n\000a\000t\000\040\000p\000r\000z\000e\000c\000i\000w\000p\000a\000n\000c\000e\000r\000n\000y\000\040\000R\000K\000G\000-\0003}{}% 106
\BOOKMARK [1][-]{section*.637}{\376\377\000G\000r\000a\000n\000a\000t\000\040\000d\000o\000\040\000g\000r\000a\000n\000a\000t\000n\000i\000k\000a\000\040\000V\000O\000G\000-\0002\0005}{}% 107
\BOOKMARK [1][-]{section*.643}{\376\377\000M\000i\000n\000a\000\040\000p\000r\000z\000e\000c\000i\000w\000p\000i\000e\000c\000h\000o\000t\000n\000a\000\040\000P\000M\000N}{}% 108
\BOOKMARK [1][-]{section*.649}{\376\377\000M\000i\000n\000a\000\040\000p\000r\000z\000e\000c\000i\000w\000p\000i\000e\000c\000h\000o\000t\000n\000a\000\040\000P\000M\000N\000-\0002}{}% 109
\BOOKMARK [1][-]{section*.655}{\376\377\000M\000i\000n\000a\000\040\000p\000r\000z\000e\000c\000i\000w\000p\000i\000e\000c\000h\000o\000t\000n\000a\000\040\000O\000Z\000M\000-\0007\0002}{}% 110
\BOOKMARK [1][-]{section*.661}{\376\377\000M\000i\000n\000a\000\040\000p\000r\000z\000e\000c\000i\000w\000p\000i\000e\000c\000h\000o\000t\000n\000a\000\040\000P\000O\000M\000-\0002}{}% 111
\BOOKMARK [1][-]{section*.667}{\376\377\000M\000i\000n\000a\000-\000m\000o\000t\000y\000l\000\040\000P\000F\000M\000-\0001}{}% 112
\BOOKMARK [1][-]{section*.673}{\376\377\000M\000i\000n\000a\000\040\000k\000i\000e\000r\000u\000n\000k\000o\000w\000a\000\040\000M\000O\000N\000-\0005\0000}{}% 113
\BOOKMARK [1][-]{section*.679}{\376\377\000M\000i\000n\000a\000\040\000k\000i\000e\000r\000u\000n\000k\000o\000w\000a\000\040\000M\000O\000N\000-\0001\0000\0000}{}% 114
\BOOKMARK [1][-]{section*.685}{\376\377\000M\000i\000n\000a\000\040\000p\000r\000z\000e\000c\000i\000w\000p\000a\000n\000c\000e\000r\000n\000a\000\040\000T\000M\000-\0005\0007}{}% 115
\BOOKMARK [1][-]{section*.691}{\376\377\000M\000i\000n\000a\000\040\000p\000r\000z\000e\000c\000i\000w\000p\000a\000n\000c\000e\000r\000n\000a\000\040\000T\000M\000-\0006\0002\000M}{}% 116
\BOOKMARK [1][-]{section*.697}{\376\377\000M\000i\000n\000a\000\040\000p\000r\000z\000e\000c\000i\000w\000p\000a\000n\000c\000e\000r\000n\000a\000\040\000P\000T\000M\000-\0003}{}% 117
\BOOKMARK [1][-]{section*.703}{\376\377\000M\000i\000n\000a\000\040\000k\000a\000s\000e\000t\000o\000w\000a\000\040\000K\000P\000O\000M\000-\0002}{}% 118
\BOOKMARK [1][-]{section*.709}{\376\377\000S\000y\000s\000t\000e\000m\000\040\000m\000i\000n\000o\000w\000a\000n\000i\000a\000\040\000U\000M\000Z}{}% 119
\BOOKMARK [1][-]{section*.715}{\376\377\000M\000i\000n\000a\000\040\000p\000r\000z\000e\000c\000i\000w\000p\000a\000n\000c\000e\000r\000n\000a\000\040\000V\000S\000-\0005\0000}{}% 120
